// Jest Snapshot v1, https://goo.gl/fbAQLP

exports[`<LoginForm /> render 1`] = `
<form
  onSubmit={[Function]}
>
  <label
    htmlFor="username"
  >
    Username: 
  </label>
  <input
    name="username"
    onChange={[Function]}
    type="text"
    value="leigh"
  />
  <br />
  <label
    htmlFor="password"
  >
    Password: 
  </label>
  <input
    name="password"
    onChange={[Function]}
    type="password"
    value="123abc"
  />
  <br />
  <button
    type="submit"
  >
    Log In
  </button>
</form>
`;
