// Jest Snapshot v1, https://goo.gl/fbAQLP

exports[`<TourFormFields /> render 1`] = `
<form
  onSubmit={[Function]}
>
  <label
    htmlFor="title"
  >
    Title: 
  </label>
  <input
    name="title"
    onChange={[Function]}
    type="text"
    value=""
  />
  <br />
  <label
    htmlFor="starting_point"
  >
    Starting Point: 
  </label>
  <input
    name="starting_point"
    onChange={[Function]}
    placeholder="Tell your visitors where they should go to begin the tour."
    type="text"
    value=""
  />
  <br />
  <label
    htmlFor="directions"
  >
    Directions: 
  </label>
  <textarea
    name="directions"
    onChange={[Function]}
    placeholder="Let visitors know how to get to the starting point of the tour."
    type="text"
    value=""
  />
  <br />
  <label
    htmlFor="estimated_time"
  >
    Estimated Time: 
  </label>
  <input
    name="estimated_time"
    onChange={[Function]}
    type="text"
    value=""
  />
  <br />
  <label
    htmlFor="description"
  >
    Description: 
  </label>
  <textarea
    name="description"
    onChange={[Function]}
    type="text"
    value=""
  />
  <br />
  <Button
    type="submit"
  >
    Save
  </Button>
</form>
`;
