// Jest Snapshot v1, https://goo.gl/fbAQLP

exports[`<App /> render 1`] = `
<div>
  <Navigation
    currentStaffUser={
      Object {
        "cultural_center": Object {
          "id": 1,
          "name": "MoMA",
        },
        "id": 1,
        "username": "username123",
      }
    }
    onLogout={[Function]}
  />
  <Router
    className="container"
  >
    <Connect(StaffUserDashboard)
      default={true}
      path="/admin"
    />
    <Connect(ToursList)
      path="/admin/tours"
    />
    <Connect(CreateTourForm)
      path="/admin/tours/new"
    />
    <Connect(UpdateTourForm)
      path="/admin/tours/:tourId/edit"
    />
    <Connect(TourContainer)
      path="/admin/tours/:tourId"
    />
    <Connect(UpdatePointForm)
      path="/admin/tours/:tourId/points/:pointId/edit"
    />
  </Router>
</div>
`;
