// Jest Snapshot v1, https://goo.gl/fbAQLP

exports[`<AddPointForm /> render 1`] = `
<form
  onSubmit={[Function]}
>
  <p>
    Upload Image (WIP)
  </p>
  <label
    htmlFor="caption"
  >
    Caption: 
  </label>
  <textarea
    id="caption"
    name="caption"
    onChange={[Function]}
    type="text"
    value=""
  />
  <button
    type="submit"
  >
    Save
  </button>
  <button
    type="button"
  >
    Cancel
  </button>
  <button
    onClick={[Function]}
    type="button"
  >
    Save and add another point
  </button>
</form>
`;
