// Jest Snapshot v1, https://goo.gl/fbAQLP

exports[`<AddPointForm /> render 1`] = `
<form
  onSubmit={[Function]}
>
  <label
    htmlFor="image"
  >
    Upload Image
  </label>
  <ImageInput
    name="image"
    onChange={[Function]}
    value={null}
  />
  <label
    htmlFor="title"
  >
    Title:
  </label>
  <input
    name="title"
    onChange={[Function]}
    type="text"
    value=""
  />
  <br />
  <label
    htmlFor="caption"
  >
    Caption:
  </label>
  <textarea
    name="caption"
    onChange={[Function]}
    type="text"
    value=""
  />
  <br />
  <label
    htmlFor="description"
  >
    Description:
  </label>
  <textarea
    name="description"
    onChange={[Function]}
    type="text"
    value=""
  />
  <br />
  <label
    htmlFor="location"
  >
    Location:
  </label>
  <input
    name="location"
    onChange={[Function]}
    type="text"
    value=""
  />
  <br />
  <label
    htmlFor="directions"
  >
    Directions:
  </label>
  <textarea
    name="directions"
    onChange={[Function]}
    type="text"
    value=""
  />
  <br />
  <button
    type="submit"
  >
    Save
  </button>
  <button
    onClick={[Function]}
    type="button"
  >
    Save and add another
  </button>
  <br />
  <button
    onClick={[MockFunction]}
    type="button"
  >
    Cancel
  </button>
</form>
`;
