// Jest Snapshot v1, https://goo.gl/fbAQLP

exports[`<CreateTourForm /> render 1`] = `
<CreateTourForm
  currentStaffUser={
    Object {
      "cultural_center": Object {
        "id": 1,
      },
      "id": 1,
    }
  }
  navigate={[MockFunction]}
  onCreateTour={[MockFunction]}
>
  <form
    onSubmit={[Function]}
  >
    <input
      id="title"
      name="title"
      onChange={[Function]}
      type="text"
      value=""
    />
    <input
      id="starting_point"
      name="starting_point"
      onChange={[Function]}
      type="text"
      value=""
    />
    <input
      id="directions"
      name="directions"
      onChange={[Function]}
      type="text"
      value=""
    />
    <input
      id="estimated_time"
      name="estimated_time"
      onChange={[Function]}
      type="text"
      value=""
    />
    <input
      id="description"
      name="description"
      onChange={[Function]}
      type="text"
      value=""
    />
    <button
      type="submit"
    >
      Create Tour
    </button>
  </form>
</CreateTourForm>
`;
