// Jest Snapshot v1, https://goo.gl/fbAQLP

exports[`<PointDetails /> render 1`] = `
<div>
  <div
    className="media-object-basics-example"
  >
    <h4>
      First point
    </h4>
    <div />
    <hr />
    <[object Object]
      className="button expanded"
      to="/tours/undefined"
    >
      Tour Over! 
      <br />
      Back to Tour Info
    </[object Object]>
    <div
      className="button-group expanded"
    />
  </div>
</div>
`;
