// Jest Snapshot v1, https://goo.gl/fbAQLP

exports[`<Point /> render 1`] = `
<div>
  <div
    className="media-object-basics-example"
  >
    <h4 />
    <div />
    <[object Object]
      onClick={[Function]}
      to="#"
    >
      <i
        className="fi-pencil"
      />
       Edit
    </[object Object]>
    <[object Object]
      onClick={[Function]}
      to="#"
    >
      <i
        className="fi-trash"
      />
       Delete
    </[object Object]>
    <hr />
  </div>
</div>
`;
