// Jest Snapshot v1, https://goo.gl/fbAQLP

exports[`<StaffUserDashboard /> render 1`] = `
<StaffUserDashboard
  currentStaffUser={
    Object {
      "cultural_center": Object {
        "id": 1,
        "name": "Penn Museum",
      },
      "id": 1,
      "tours": Array [
        Object {
          "id": 1,
          "title": "Tour 1",
        },
        Object {
          "id": 2,
          "title": "Tour 2",
        },
        Object {
          "id": 3,
          "title": "Tour 3",
        },
      ],
      "username": "username123",
    }
  }
  onCreateTour={[MockFunction]}
>
  <div>
    <h1>
      Staff Dashboard
    </h1>
    <h3>
      Current user: 
      username123
    </h3>
    <h3>
      Penn Museum
    </h3>
    <ToursList
      tours={
        Array [
          Object {
            "id": 1,
            "title": "Tour 1",
          },
          Object {
            "id": 2,
            "title": "Tour 2",
          },
          Object {
            "id": 3,
            "title": "Tour 3",
          },
        ]
      }
    >
      <div>
        <TourInfo
          key="1"
          title="Tour 1"
        >
          <div>
            <h4>
              Tour 1
            </h4>
          </div>
        </TourInfo>
        <TourInfo
          key="2"
          title="Tour 2"
        >
          <div>
            <h4>
              Tour 2
            </h4>
          </div>
        </TourInfo>
        <TourInfo
          key="3"
          title="Tour 3"
        >
          <div>
            <h4>
              Tour 3
            </h4>
          </div>
        </TourInfo>
      </div>
    </ToursList>
    <CreateTourForm
      culturalCenter={1}
      navigate={[Function]}
      onCreateTour={[MockFunction]}
      staffUser={1}
    >
      <form
        onSubmit={[Function]}
      >
        <input
          id="title"
          name="title"
          onChange={[Function]}
          type="text"
          value=""
        />
        <button
          type="submit"
        >
          Create Tour
        </button>
      </form>
    </CreateTourForm>
  </div>
</StaffUserDashboard>
`;
