// Jest Snapshot v1, https://goo.gl/fbAQLP

exports[`<TourContainer /> render 1`] = `
<div>
  <Tour
    tour={
      Object {
        "description": "Walking tour of Philly's architecture and public art",
        "directions": "Meet at the West entrance",
        "estimated_time": "2 hours",
        "starting_point": "City Hall",
        "title": "Philly Tour",
      }
    }
  />
  <PointsList />
  <button
    onClick={[Function]}
    type="button"
  >
    Add Point to Tour
  </button>
</div>
`;
