// Jest Snapshot v1, https://goo.gl/fbAQLP

exports[`<TourContainer /> render 1`] = `
<div>
  <Connect(Tour)
    tourId="1"
  />
  <[object Object]
    to="edit"
  >
    Edit Tour
  </[object Object]>
  <Connect(PointsList)
    tourId="1"
  />
  <button
    onClick={[Function]}
    type="button"
  >
    Add Point to Tour
  </button>
</div>
`;
