// Jest Snapshot v1, https://goo.gl/fbAQLP

exports[`<ToursList /> render 1`] = `
<ToursList
  tours={
    Array [
      Object {
        "id": 1,
        "title": "Tour 1",
      },
      Object {
        "id": 2,
        "title": "Tour 2",
      },
      Object {
        "id": 3,
        "title": "Tour 3",
      },
    ]
  }
>
  <div>
    <TourInfo
      key="1"
      title="Tour 1"
    >
      <div>
        <h4>
          Tour 1
        </h4>
      </div>
    </TourInfo>
    <TourInfo
      key="2"
      title="Tour 2"
    >
      <div>
        <h4>
          Tour 2
        </h4>
      </div>
    </TourInfo>
    <TourInfo
      key="3"
      title="Tour 3"
    >
      <div>
        <h4>
          Tour 3
        </h4>
      </div>
    </TourInfo>
  </div>
</ToursList>
`;
