// Jest Snapshot v1, https://goo.gl/fbAQLP

exports[`<ToursList /> render 1`] = `
<div>
  <div
    className="media-object-basics-example"
    key="1"
  >
    <div>
      <h4
        key="1"
      >
        <[object Object]
          to="/tours/1"
        >
          Tour 1
        </[object Object]>
      </h4>
    </div>
    <hr />
  </div>
  <div
    className="media-object-basics-example"
    key="2"
  >
    <div>
      <h4
        key="2"
      >
        <[object Object]
          to="/tours/2"
        >
          Tour 2
        </[object Object]>
      </h4>
    </div>
    <hr />
  </div>
  <div
    className="media-object-basics-example"
    key="3"
  >
    <div>
      <h4
        key="3"
      >
        <[object Object]
          to="/tours/3"
        >
          Tour 3
        </[object Object]>
      </h4>
    </div>
    <hr />
  </div>
</div>
`;
