// Jest Snapshot v1, https://goo.gl/fbAQLP

exports[`<TourContainer /> render 1`] = `
<div>
  <Tour
    tour={
      Object {
        "description": "Walking tour of Philly's architecture and public art",
        "directions": "Meet at the West entrance",
        "estimated_time": "2 hours",
        "starting_point": "City Hall",
        "title": "Philly Tour",
      }
    >
      <div>
        <h2>
          Philly Tour
        </h2>
        <p>
          2 hours
        </p>
        <p>
          Walking tour of Philly's architecture and public art
        </p>
        <p>
          City Hall
        </p>
        <p>
          Meet at the West entrance
        </p>
      </div>
    </Tour>
    <button
      onClick={[Function]}
      type="button"
    >
      Add Point to Tour
    </button>
  </div>
</TourContainer>
`;
